Compiling lib/main.dart for the Web...                          
Wasm dry run succeeded. Consider building and testing your application with the `--wasm` flag. See docs for more info: https://docs.flutter.dev/platform-integration/web/wasm
Use --no-wasm-dry-run to disable these warnings.
Target dart2js failed: ProcessException: Process exited abnormally with exit code 1:
lib/core/theme/app_theme.dart:82:16:
Error: The argument type 'CardTheme' can't be assigned to the parameter type 'CardThemeData?'.
 - 'CardTheme' is from 'package:flutter/src/material/card_theme.dart' ('/opt/homebrew/share/flutter/packages/flutter/lib/src/material/card_theme.dart').
 - 'CardThemeData' is from 'package:flutter/src/material/card_theme.dart' ('/opt/homebrew/share/flutter/packages/flutter/lib/src/material/card_theme.dart').
    cardTheme: CardTheme(
               ^
Error: Compilation failed.
  Command: /opt/homebrew/share/flutter/bin/cache/dart-sdk/bin/dart compile js --platform-binaries=/opt/homebrew/share/flutter/bin/cache/flutter_web_sdk/kernel --invoker=flutter_tool -Ddart.vm.product=true -DFLUTTER_VERSION=3.41.6 -DFLUTTER_CHANNEL=stable -DFLUTTER_GIT_URL=https://github.com/flutter/flutter.git -DFLUTTER_FRAMEWORK_REVISION=db50e20168 -DFLUTTER_ENGINE_REVISION=425cfb54d0 -DFLUTTER_DART_VERSION=3.11.4 -DFLUTTER_WEB_USE_SKIA=true -DFLUTTER_WEB_USE_SKWASM=false -DFLUTTER_WEB_CANVASKIT_URL=https://www.gstatic.com/flutter-canvaskit/425cfb54d01a9472b3e81d9e76fd63a4a44cfbcb/ --native-null-assertions --no-source-maps -O4 --minify -o /Users/joshlawson/Desktop/fifa_love_flutter/fifa_love_fluter/.dart_tool/flutter_build/c73de9b7e5ce3b393afb48e055ec4db7/app.dill --packages=/Users/joshlawson/Desktop/fifa_love_flutter/fifa_love_fluter/.dart_tool/package_config.json --cfe-only /Users/joshlawson/Desktop/fifa_love_flutter/fifa_love_fluter/.dart_tool/flutter_build/c73de9b7e5ce3b393afb48e055ec4db7/main.dart
#0      RunResult.throwException (package:flutter_tools/src/base/process.dart:153:5)
#1      _DefaultProcessUtils.run (package:flutter_tools/src/base/process.dart:379:19)
<asynchronous suspension>
#2      Dart2JSTarget.build (package:flutter_tools/src/build_system/targets/web.dart:208:5)
<asynchronous suspension>
#3      _BuildInstance._invokeInternal (package:flutter_tools/src/build_system/build_system.dart:937:9)
<asynchronous suspension>
#4      Future.wait.<anonymous closure> (dart:async/future.dart:546:21)
<asynchronous suspension>
#5      _BuildInstance.invokeTarget (package:flutter_tools/src/build_system/build_system.dart:875:32)
<asynchronous suspension>
#6      Future.wait.<anonymous closure> (dart:async/future.dart:546:21)
<asynchronous suspension>
#7      _BuildInstance.invokeTarget (package:flutter_tools/src/build_system/build_system.dart:875:32)
<asynchronous suspension>
#8      FlutterBuildSystem.build (package:flutter_tools/src/build_system/build_system.dart:684:16)
<asynchronous suspension>
#9      WebBuilder.buildWeb (package:flutter_tools/src/web/compile.dart:107:34)
<asynchronous suspension>
#10     BuildWebCommand.runCommand (package:flutter_tools/src/commands/build_web.dart:300:5)
<asynchronous suspension>
#11     FlutterCommand.run.<anonymous closure> (package:flutter_tools/src/runner/flutter_command.dart:1590:27)
<asynchronous suspension>
#12     AppContext.run.<anonymous closure> (package:flutter_tools/src/base/context.dart:154:19)
<asynchronous suspension>
#13     CommandRunner.runCommand (package:args/command_runner.dart:212:13)
<asynchronous suspension>
#14     FlutterCommandRunner.runCommand.<anonymous closure> (package:flutter_tools/src/runner/flutter_command_runner.dart:496:9)
<asynchronous suspension>
#15     AppContext.run.<anonymous closure> (package:flutter_tools/src/base/context.dart:154:19)
<asynchronous suspension>
#16     FlutterCommandRunner.runCommand (package:flutter_tools/src/runner/flutter_command_runner.dart:431:5)
<asynchronous suspension>
#17     FlutterCommandRunner.run.<anonymous closure> (package:flutter_tools/src/runner/flutter_command_runner.dart:307:33)
<asynchronous suspension>
#18     run.<anonymous closure>.<anonymous closure> (package:flutter_tools/runner.dart:104:11)
<asynchronous suspension>
#19     AppContext.run.<anonymous closure> (package:flutter_tools/src/base/context.dart:154:19)
<asynchronous suspension>
#20     main (package:flutter_tools/executable.dart:103:3)
<asynchronous suspension>

Compiling lib/main.dart for the Web...                             26.7s
Error: Failed to compile application for the Web.
